[cloudera@quickstart Desktop]$ hive

Logging initialized using configuration in file:/etc/hive/conf.dist/hive-log4j.properties
WARNING: Hive CLI is deprecated and migration to Beeline is recommended.
hive> use export_db ;
OK
Time taken: 10.534 seconds
hive> select *from click_data where userid=1 ;
OK
1	2023-01-01 10:00:00	homepage
1	2023-01-01 10:01:00	product_page
Time taken: 86.939 seconds, Fetched: 2 row(s)
hive> select *from click_data where userid in(1,2,3) ;
OK
1	2023-01-01 10:00:00	homepage
1	2023-01-01 10:01:00	product_page
2	2023-01-01 10:02:00	homepage
2	2023-01-01 10:03:00	cart_page
3	2023-01-01 10:05:00	homepage
3	2023-01-01 10:06:00	product_page
3	2023-01-01 10:07:00	cart_page
Time taken: 2.064 seconds, Fetched: 7 row(s)
hive> select count(userid) *from click_data ; 
NoViableAltException(116@[269:1: atomExpression : ( KW_NULL -> TOK_NULL | constant | castExpression | caseExpression | whenExpression | ( functionName LPAREN )=> function | tableOrColumn | LPAREN ! expression RPAREN !);])
	at org.apache.hadoop.hive.ql.parse.HiveParser_IdentifiersParser$DFA32.specialStateTransition(HiveParser_IdentifiersParser.java:15155)
	at org.antlr.runtime.DFA.predict(DFA.java:80)
	at org.apache.hadoop.hive.ql.parse.HiveParser_IdentifiersParser.atomExpression(HiveParser_IdentifiersParser.java:6435)
	at org.apache.hadoop.hive.ql.parse.HiveParser_IdentifiersParser.precedenceFieldExpression(HiveParser_IdentifiersParser.java:6641)
	at org.apache.hadoop.hive.ql.parse.HiveParser_IdentifiersParser.precedenceUnaryPrefixExpression(HiveParser_IdentifiersParser.java:7026)
	at org.apache.hadoop.hive.ql.parse.HiveParser_IdentifiersParser.precedenceUnarySuffixExpression(HiveParser_IdentifiersParser.java:7086)
	at org.apache.hadoop.hive.ql.parse.HiveParser_IdentifiersParser.precedenceBitwiseXorExpression(HiveParser_IdentifiersParser.java:7270)
	at org.apache.hadoop.hive.ql.parse.HiveParser_IdentifiersParser.precedenceStarExpression(HiveParser_IdentifiersParser.java:7453)
	at org.apache.hadoop.hive.ql.parse.HiveParser_IdentifiersParser.precedencePlusExpression(HiveParser_IdentifiersParser.java:7590)
	at org.apache.hadoop.hive.ql.parse.HiveParser_IdentifiersParser.precedenceAmpersandExpression(HiveParser_IdentifiersParser.java:7750)
	at org.apache.hadoop.hive.ql.parse.HiveParser_IdentifiersParser.precedenceBitwiseOrExpression(HiveParser_IdentifiersParser.java:7909)
	at org.apache.hadoop.hive.ql.parse.HiveParser_IdentifiersParser.precedenceEqualExpression(HiveParser_IdentifiersParser.java:8439)
	at org.apache.hadoop.hive.ql.parse.HiveParser_IdentifiersParser.precedenceNotExpression(HiveParser_IdentifiersParser.java:9452)
	at org.apache.hadoop.hive.ql.parse.HiveParser_IdentifiersParser.precedenceAndExpression(HiveParser_IdentifiersParser.java:9571)
	at org.apache.hadoop.hive.ql.parse.HiveParser_IdentifiersParser.precedenceOrExpression(HiveParser_IdentifiersParser.java:9730)
	at org.apache.hadoop.hive.ql.parse.HiveParser_IdentifiersParser.expression(HiveParser_IdentifiersParser.java:6363)
	at org.apache.hadoop.hive.ql.parse.HiveParser.expression(HiveParser.java:44344)
	at org.apache.hadoop.hive.ql.parse.HiveParser_SelectClauseParser.selectItem(HiveParser_SelectClauseParser.java:3058)
	at org.apache.hadoop.hive.ql.parse.HiveParser_SelectClauseParser.selectList(HiveParser_SelectClauseParser.java:1320)
	at org.apache.hadoop.hive.ql.parse.HiveParser_SelectClauseParser.selectClause(HiveParser_SelectClauseParser.java:1083)
	at org.apache.hadoop.hive.ql.parse.HiveParser.selectClause(HiveParser.java:44365)
	at org.apache.hadoop.hive.ql.parse.HiveParser.singleSelectStatement(HiveParser.java:41487)
	at org.apache.hadoop.hive.ql.parse.HiveParser.selectStatement(HiveParser.java:41193)
	at org.apache.hadoop.hive.ql.parse.HiveParser.regularBody(HiveParser.java:41130)
	at org.apache.hadoop.hive.ql.parse.HiveParser.queryStatementExpressionBody(HiveParser.java:40183)
	at org.apache.hadoop.hive.ql.parse.HiveParser.queryStatementExpression(HiveParser.java:40059)
	at org.apache.hadoop.hive.ql.parse.HiveParser.execStatement(HiveParser.java:1519)
	at org.apache.hadoop.hive.ql.parse.HiveParser.statement(HiveParser.java:1057)
	at org.apache.hadoop.hive.ql.parse.ParseDriver.parse(ParseDriver.java:199)
	at org.apache.hadoop.hive.ql.parse.ParseDriver.parse(ParseDriver.java:166)
	at org.apache.hadoop.hive.ql.Driver.compile(Driver.java:393)
	at org.apache.hadoop.hive.ql.Driver.compile(Driver.java:307)
	at org.apache.hadoop.hive.ql.Driver.compileInternal(Driver.java:1110)
	at org.apache.hadoop.hive.ql.Driver.runInternal(Driver.java:1158)
	at org.apache.hadoop.hive.ql.Driver.run(Driver.java:1047)
	at org.apache.hadoop.hive.ql.Driver.run(Driver.java:1037)
	at org.apache.hadoop.hive.cli.CliDriver.processLocalCmd(CliDriver.java:207)
	at org.apache.hadoop.hive.cli.CliDriver.processCmd(CliDriver.java:159)
	at org.apache.hadoop.hive.cli.CliDriver.processLine(CliDriver.java:370)
	at org.apache.hadoop.hive.cli.CliDriver.executeDriver(CliDriver.java:756)
	at org.apache.hadoop.hive.cli.CliDriver.run(CliDriver.java:675)
	at org.apache.hadoop.hive.cli.CliDriver.main(CliDriver.java:615)
	at sun.reflect.NativeMethodAccessorImpl.invoke0(Native Method)
	at sun.reflect.NativeMethodAccessorImpl.invoke(NativeMethodAccessorImpl.java:57)
	at sun.reflect.DelegatingMethodAccessorImpl.invoke(DelegatingMethodAccessorImpl.java:43)
	at java.lang.reflect.Method.invoke(Method.java:606)
	at org.apache.hadoop.util.RunJar.run(RunJar.java:221)
	at org.apache.hadoop.util.RunJar.main(RunJar.java:136)
FAILED: ParseException line 1:22 cannot recognize input near 'from' 'click_data' '<EOF>' in expression specification
hive> select count(userid) from click_data ; 
Query ID = cloudera_20230719050202_b2e34e99-cfec-4c0f-9e7a-8f60518d43ad
Total jobs = 1
Launching Job 1 out of 1
Number of reduce tasks determined at compile time: 1
In order to change the average load for a reducer (in bytes):
  set hive.exec.reducers.bytes.per.reducer=<number>
In order to limit the maximum number of reducers:
  set hive.exec.reducers.max=<number>
In order to set a constant number of reducers:
  set mapreduce.job.reduces=<number>
Starting Job = job_1689744761876_0006, Tracking URL = http://quickstart.cloudera:8088/proxy/application_1689744761876_0006/
Kill Command = /usr/lib/hadoop/bin/hadoop job  -kill job_1689744761876_0006
Hadoop job information for Stage-1: number of mappers: 1; number of reducers: 1
2023-07-19 05:04:22,007 Stage-1 map = 0%,  reduce = 0%
2023-07-19 05:05:23,520 Stage-1 map = 0%,  reduce = 0%
2023-07-19 05:06:24,781 Stage-1 map = 0%,  reduce = 0%
2023-07-19 05:07:25,172 Stage-1 map = 0%,  reduce = 0%
2023-07-19 05:08:02,232 Stage-1 map = 100%,  reduce = 0%, Cumulative CPU 6.3 sec
2023-07-19 05:09:04,307 Stage-1 map = 100%,  reduce = 0%, Cumulative CPU 6.3 sec
2023-07-19 05:10:05,595 Stage-1 map = 100%,  reduce = 0%, Cumulative CPU 6.3 sec
2023-07-19 05:11:05,686 Stage-1 map = 100%,  reduce = 0%, Cumulative CPU 6.3 sec
2023-07-19 05:11:41,212 Stage-1 map = 100%,  reduce = 49%, Cumulative CPU 7.85 sec
2023-07-19 05:11:45,769 Stage-1 map = 100%,  reduce = 67%, Cumulative CPU 8.44 sec
2023-07-19 05:12:38,813 Stage-1 map = 100%,  reduce = 100%, Cumulative CPU 13.59 sec
MapReduce Total cumulative CPU time: 13 seconds 590 msec
Ended Job = job_1689744761876_0006
MapReduce Jobs Launched: 
Stage-Stage-1: Map: 1  Reduce: 1   Cumulative CPU: 14.58 sec   HDFS Read: 7280 HDFS Write: 3 SUCCESS
Total MapReduce CPU Time Spent: 14 seconds 580 msec
OK
13
Time taken: 639.062 seconds, Fetched: 1 row(s)
hive> select min(amount) *from purchase_data ; 
NoViableAltException(116@[269:1: atomExpression : ( KW_NULL -> TOK_NULL | constant | castExpression | caseExpression | whenExpression | ( functionName LPAREN )=> function | tableOrColumn | LPAREN ! expression RPAREN !);])
	at org.apache.hadoop.hive.ql.parse.HiveParser_IdentifiersParser$DFA32.specialStateTransition(HiveParser_IdentifiersParser.java:15155)
	at org.antlr.runtime.DFA.predict(DFA.java:80)
	at org.apache.hadoop.hive.ql.parse.HiveParser_IdentifiersParser.atomExpression(HiveParser_IdentifiersParser.java:6435)
	at org.apache.hadoop.hive.ql.parse.HiveParser_IdentifiersParser.precedenceFieldExpression(HiveParser_IdentifiersParser.java:6641)
	at org.apache.hadoop.hive.ql.parse.HiveParser_IdentifiersParser.precedenceUnaryPrefixExpression(HiveParser_IdentifiersParser.java:7026)
	at org.apache.hadoop.hive.ql.parse.HiveParser_IdentifiersParser.precedenceUnarySuffixExpression(HiveParser_IdentifiersParser.java:7086)
	at org.apache.hadoop.hive.ql.parse.HiveParser_IdentifiersParser.precedenceBitwiseXorExpression(HiveParser_IdentifiersParser.java:7270)
	at org.apache.hadoop.hive.ql.parse.HiveParser_IdentifiersParser.precedenceStarExpression(HiveParser_IdentifiersParser.java:7453)
	at org.apache.hadoop.hive.ql.parse.HiveParser_IdentifiersParser.precedencePlusExpression(HiveParser_IdentifiersParser.java:7590)
	at org.apache.hadoop.hive.ql.parse.HiveParser_IdentifiersParser.precedenceAmpersandExpression(HiveParser_IdentifiersParser.java:7750)
	at org.apache.hadoop.hive.ql.parse.HiveParser_IdentifiersParser.precedenceBitwiseOrExpression(HiveParser_IdentifiersParser.java:7909)
	at org.apache.hadoop.hive.ql.parse.HiveParser_IdentifiersParser.precedenceEqualExpression(HiveParser_IdentifiersParser.java:8439)
	at org.apache.hadoop.hive.ql.parse.HiveParser_IdentifiersParser.precedenceNotExpression(HiveParser_IdentifiersParser.java:9452)
	at org.apache.hadoop.hive.ql.parse.HiveParser_IdentifiersParser.precedenceAndExpression(HiveParser_IdentifiersParser.java:9571)
	at org.apache.hadoop.hive.ql.parse.HiveParser_IdentifiersParser.precedenceOrExpression(HiveParser_IdentifiersParser.java:9730)
	at org.apache.hadoop.hive.ql.parse.HiveParser_IdentifiersParser.expression(HiveParser_IdentifiersParser.java:6363)
	at org.apache.hadoop.hive.ql.parse.HiveParser.expression(HiveParser.java:44344)
	at org.apache.hadoop.hive.ql.parse.HiveParser_SelectClauseParser.selectItem(HiveParser_SelectClauseParser.java:3058)
	at org.apache.hadoop.hive.ql.parse.HiveParser_SelectClauseParser.selectList(HiveParser_SelectClauseParser.java:1320)
	at org.apache.hadoop.hive.ql.parse.HiveParser_SelectClauseParser.selectClause(HiveParser_SelectClauseParser.java:1083)
	at org.apache.hadoop.hive.ql.parse.HiveParser.selectClause(HiveParser.java:44365)
	at org.apache.hadoop.hive.ql.parse.HiveParser.singleSelectStatement(HiveParser.java:41487)
	at org.apache.hadoop.hive.ql.parse.HiveParser.selectStatement(HiveParser.java:41193)
	at org.apache.hadoop.hive.ql.parse.HiveParser.regularBody(HiveParser.java:41130)
	at org.apache.hadoop.hive.ql.parse.HiveParser.queryStatementExpressionBody(HiveParser.java:40183)
	at org.apache.hadoop.hive.ql.parse.HiveParser.queryStatementExpression(HiveParser.java:40059)
	at org.apache.hadoop.hive.ql.parse.HiveParser.execStatement(HiveParser.java:1519)
	at org.apache.hadoop.hive.ql.parse.HiveParser.statement(HiveParser.java:1057)
	at org.apache.hadoop.hive.ql.parse.ParseDriver.parse(ParseDriver.java:199)
	at org.apache.hadoop.hive.ql.parse.ParseDriver.parse(ParseDriver.java:166)
	at org.apache.hadoop.hive.ql.Driver.compile(Driver.java:393)
	at org.apache.hadoop.hive.ql.Driver.compile(Driver.java:307)
	at org.apache.hadoop.hive.ql.Driver.compileInternal(Driver.java:1110)
	at org.apache.hadoop.hive.ql.Driver.runInternal(Driver.java:1158)
	at org.apache.hadoop.hive.ql.Driver.run(Driver.java:1047)
	at org.apache.hadoop.hive.ql.Driver.run(Driver.java:1037)
	at org.apache.hadoop.hive.cli.CliDriver.processLocalCmd(CliDriver.java:207)
	at org.apache.hadoop.hive.cli.CliDriver.processCmd(CliDriver.java:159)
	at org.apache.hadoop.hive.cli.CliDriver.processLine(CliDriver.java:370)
	at org.apache.hadoop.hive.cli.CliDriver.executeDriver(CliDriver.java:756)
	at org.apache.hadoop.hive.cli.CliDriver.run(CliDriver.java:675)
	at org.apache.hadoop.hive.cli.CliDriver.main(CliDriver.java:615)
	at sun.reflect.NativeMethodAccessorImpl.invoke0(Native Method)
	at sun.reflect.NativeMethodAccessorImpl.invoke(NativeMethodAccessorImpl.java:57)
	at sun.reflect.DelegatingMethodAccessorImpl.invoke(DelegatingMethodAccessorImpl.java:43)
	at java.lang.reflect.Method.invoke(Method.java:606)
	at org.apache.hadoop.util.RunJar.run(RunJar.java:221)
	at org.apache.hadoop.util.RunJar.main(RunJar.java:136)
FAILED: ParseException line 1:20 cannot recognize input near 'from' 'purchase_data' '<EOF>' in expression specification
hive> select min(amount) from purchase_data ; 
Query ID = cloudera_20230719060000_2d9ef657-5ee2-4822-9011-bcff3e0e5079
Total jobs = 1
Launching Job 1 out of 1
Number of reduce tasks determined at compile time: 1
In order to change the average load for a reducer (in bytes):
  set hive.exec.reducers.bytes.per.reducer=<number>
In order to limit the maximum number of reducers:
  set hive.exec.reducers.max=<number>
In order to set a constant number of reducers:
  set mapreduce.job.reduces=<number>
Starting Job = job_1689744761876_0008, Tracking URL = http://quickstart.cloudera:8088/proxy/application_1689744761876_0008/
Kill Command = /usr/lib/hadoop/bin/hadoop job  -kill job_1689744761876_0008
Hadoop job information for Stage-1: number of mappers: 1; number of reducers: 1
2023-07-19 06:03:55,057 Stage-1 map = 0%,  reduce = 0%
2023-07-19 06:04:56,387 Stage-1 map = 0%,  reduce = 0%
2023-07-19 06:05:58,493 Stage-1 map = 0%,  reduce = 0%
2023-07-19 06:06:58,552 Stage-1 map = 0%,  reduce = 0%
2023-07-19 06:08:00,630 Stage-1 map = 0%,  reduce = 0%
2023-07-19 06:09:00,218 Stage-1 map = 100%,  reduce = 0%, Cumulative CPU 8.62 sec
2023-07-19 06:10:01,573 Stage-1 map = 100%,  reduce = 0%, Cumulative CPU 8.62 sec
2023-07-19 06:11:01,953 Stage-1 map = 100%,  reduce = 0%, Cumulative CPU 8.62 sec
2023-07-19 06:12:03,299 Stage-1 map = 100%,  reduce = 0%, Cumulative CPU 8.62 sec
2023-07-19 06:13:04,351 Stage-1 map = 100%,  reduce = 0%, Cumulative CPU 8.62 sec
2023-07-19 06:13:29,757 Stage-1 map = 100%,  reduce = 67%, Cumulative CPU 10.49 sec
2023-07-19 06:14:29,932 Stage-1 map = 100%,  reduce = 67%, Cumulative CPU 10.91 sec
2023-07-19 06:14:32,965 Stage-1 map = 100%,  reduce = 100%, Cumulative CPU 15.96 sec
MapReduce Total cumulative CPU time: 15 seconds 960 msec
Ended Job = job_1689744761876_0008
MapReduce Jobs Launched: 
Stage-Stage-1: Map: 1  Reduce: 1   Cumulative CPU: 17.03 sec   HDFS Read: 6813 HDFS Write: 3 SUCCESS
Total MapReduce CPU Time Spent: 17 seconds 30 msec
OK
80
Time taken: 895.457 seconds, Fetched: 1 row(s)
hive> 
